// Jest Snapshot v1, https://goo.gl/fbAQLP

exports[`renders loading 1`] = `
<div
  className="form-group"
>
  <span
    className="input-group"
  >
    <input
      className="form-control"
      id={undefined}
      readOnly={true}
      type="text"
      value="Loading..."
    />
    <span
      className="input-group-btn"
    >
      <button
        className="btn btn-default"
        data-dw="select-dataset-modal"
        disabled={false}
        onClick={[Function]}
        style={
          Object {
            "padding": "0 0.5rem",
          }
        }
        type="button"
      >
        Select
      </button>
    </span>
  </span>
</div>
`;
